Github Practice - 25/11/2021
--------------------------------

How push the files or folders into Github using Gith bash


sai6r@Kumar MINGW64 ~/Desktop/Github practice
$ git init
Initialized empty Git repository in C:/Users/sai6r/Desktop/Github practice/.git/

sai6r@Kumar MINGW64 ~/Desktop/Github practice (master)
$ git add .

sai6r@Kumar MINGW64 ~/Desktop/Github practice (master)
$ git status
On branch master

No commits yet

Changes to be committed:
  (use "git rm --cached <file>..." to unstage)
        new file:   Github text.txt


sai6r@Kumar MINGW64 ~/Desktop/Github practice (master)
$ git commit -m "this is my first program"
[master (root-commit) 1cfb0c8] this is my first program
 1 file changed, 1 insertion(+)
 create mode 100644 Github text.txt

sai6r@Kumar MINGW64 ~/Desktop/Github practice (master)
$ git status
On branch master
nothing to commit, working tree clean

sai6r@Kumar MINGW64 ~/Desktop/Github practice (master)
$ git branch -m main

sai6r@Kumar MINGW64 ~/Desktop/Github practice (main)
$ git remote add origin https://github.com/Prabhas6/Practice.git

sai6r@Kumar MINGW64 ~/Desktop/Github practice (main)
$ git push -u origin main
Enumerating objects: 3, done.
Counting objects: 100% (3/3), done.
Writing objects: 100% (3/3), 260 bytes | 260.00 KiB/s, done.
Total 3 (delta 0), reused 0 (delta 0), pack-reused 0
To https://github.com/Prabhas6/Practice.git
 * [new branch]      main -> main
Branch 'main' set up to track remote branch 'main' from 'origin'.

sai6r@Kumar MINGW64 ~/Desktop/Github practice (main)
$


How to push the modified file and new file into github using git bash here command


sai6r@Kumar MINGW64 ~/Desktop/Github practice (main)
$ git init
Reinitialized existing Git repository in C:/Users/sai6r/Desktop/Github practice/.git/

sai6r@Kumar MINGW64 ~/Desktop/Github practice (main)
$ git status
On branch main
Your branch is up to date with 'origin/main'.

Changes not staged for commit:
  (use "git add <file>..." to update what will be committed)
  (use "git restore <file>..." to discard changes in working directory)
        modified:   Github text.txt

Untracked files:
  (use "git add <file>..." to include in what will be committed)
        new file careated.txt

no changes added to commit (use "git add" and/or "git commit -a")

sai6r@Kumar MINGW64 ~/Desktop/Github practice (main)
$ git add .

sai6r@Kumar MINGW64 ~/Desktop/Github practice (main)
$ git commit -m "updated"
[main b87cb9b] updated
 2 files changed, 9 insertions(+), 1 deletion(-)
 create mode 100644 new file careated.txt

sai6r@Kumar MINGW64 ~/Desktop/Github practice (main)
$ git push -u origin main
Enumerating objects: 6, done.
Counting objects: 100% (6/6), done.
Delta compression using up to 8 threads
Compressing objects: 100% (3/3), done.
Writing objects: 100% (4/4), 398 bytes | 398.00 KiB/s, done.
Total 4 (delta 0), reused 0 (delta 0), pack-reused 0
To https://github.com/Prabhas6/Practice.git
   1cfb0c8..b87cb9b  main -> main
Branch 'main' set up to track remote branch 'main' from 'origin'.

sai6r@Kumar MINGW64 ~/Desktop/Github practice (main)
$
